<object-stream>
<org.drools.core.audit.WorkingMemoryLog>
  <version>6.1</version>
  <events>
    <org.drools.core.audit.event.ActivationLogEvent>
      <type>4</type>
      <activationId>Init [0]</activationId>
      <rule>Init</rule>
      <declarations></declarations>
      <factHandleIds>0</factHandleIds>
    </org.drools.core.audit.event.ActivationLogEvent>
    <org.drools.core.audit.event.ActivationLogEvent>
      <type>6</type>
      <activationId>Init [0]</activationId>
      <rule>Init</rule>
      <declarations></declarations>
      <factHandleIds>0</factHandleIds>
    </org.drools.core.audit.event.ActivationLogEvent>
    <org.drools.core.audit.event.ObjectLogEvent>
      <type>1</type>
      <factId>1</factId>
      <objectToString>com.sample.DroolsTest$Question@6e57e95e</objectToString>
    </org.drools.core.audit.event.ObjectLogEvent>
    <org.drools.core.audit.event.ActivationLogEvent>
      <type>7</type>
      <activationId>Init [0]</activationId>
      <rule>Init</rule>
      <declarations></declarations>
      <factHandleIds>0</factHandleIds>
    </org.drools.core.audit.event.ActivationLogEvent>
    <org.drools.core.audit.event.ObjectLogEvent>
      <type>2</type>
      <factId>1</factId>
      <objectToString>com.sample.DroolsTest$Question@6e57e95e</objectToString>
    </org.drools.core.audit.event.ObjectLogEvent>
    <org.drools.core.audit.event.ActivationLogEvent>
      <type>4</type>
      <activationId>WHO ARE YOU WATCHING IT WITH? My main squeeze [1]</activationId>
      <rule>WHO ARE YOU WATCHING IT WITH? My main squeeze</rule>
      <declarations>q=com.sample.DroolsTest$Question@6e57e95e</declarations>
      <factHandleIds>1</factHandleIds>
    </org.drools.core.audit.event.ActivationLogEvent>
    <org.drools.core.audit.event.ActivationLogEvent>
      <type>6</type>
      <activationId>WHO ARE YOU WATCHING IT WITH? My main squeeze [1]</activationId>
      <rule>WHO ARE YOU WATCHING IT WITH? My main squeeze</rule>
      <declarations>q=com.sample.DroolsTest$Question@6e57e95e</declarations>
      <factHandleIds>1</factHandleIds>
    </org.drools.core.audit.event.ActivationLogEvent>
    <org.drools.core.audit.event.ObjectLogEvent>
      <type>1</type>
      <factId>2</factId>
      <objectToString>com.sample.DroolsTest$Question@7db4ef06</objectToString>
    </org.drools.core.audit.event.ObjectLogEvent>
    <org.drools.core.audit.event.ActivationLogEvent>
      <type>7</type>
      <activationId>WHO ARE YOU WATCHING IT WITH? My main squeeze [1]</activationId>
      <rule>WHO ARE YOU WATCHING IT WITH? My main squeeze</rule>
      <declarations>q=com.sample.DroolsTest$Question@6e57e95e</declarations>
      <factHandleIds>1</factHandleIds>
    </org.drools.core.audit.event.ActivationLogEvent>
    <org.drools.core.audit.event.ObjectLogEvent>
      <type>2</type>
      <factId>2</factId>
      <objectToString>com.sample.DroolsTest$Question@7db4ef06</objectToString>
    </org.drools.core.audit.event.ObjectLogEvent>
    <org.drools.core.audit.event.ActivationLogEvent>
      <type>4</type>
      <activationId>DO YOU CARE IF HE ENJOYS IT? Yes [2]</activationId>
      <rule>DO YOU CARE IF HE ENJOYS IT? Yes</rule>
      <declarations>q=com.sample.DroolsTest$Question@7db4ef06</declarations>
      <factHandleIds>2</factHandleIds>
    </org.drools.core.audit.event.ActivationLogEvent>
    <org.drools.core.audit.event.ActivationLogEvent>
      <type>6</type>
      <activationId>DO YOU CARE IF HE ENJOYS IT? Yes [2]</activationId>
      <rule>DO YOU CARE IF HE ENJOYS IT? Yes</rule>
      <declarations>q=com.sample.DroolsTest$Question@7db4ef06</declarations>
      <factHandleIds>2</factHandleIds>
    </org.drools.core.audit.event.ActivationLogEvent>
    <org.drools.core.audit.event.ObjectLogEvent>
      <type>1</type>
      <factId>3</factId>
      <objectToString>com.sample.DroolsTest$Question@64346ff5</objectToString>
    </org.drools.core.audit.event.ObjectLogEvent>
    <org.drools.core.audit.event.ActivationLogEvent>
      <type>7</type>
      <activationId>DO YOU CARE IF HE ENJOYS IT? Yes [2]</activationId>
      <rule>DO YOU CARE IF HE ENJOYS IT? Yes</rule>
      <declarations>q=com.sample.DroolsTest$Question@7db4ef06</declarations>
      <factHandleIds>2</factHandleIds>
    </org.drools.core.audit.event.ActivationLogEvent>
    <org.drools.core.audit.event.ObjectLogEvent>
      <type>2</type>
      <factId>3</factId>
      <objectToString>com.sample.DroolsTest$Question@64346ff5</objectToString>
    </org.drools.core.audit.event.ObjectLogEvent>
    <org.drools.core.audit.event.ActivationLogEvent>
      <type>4</type>
      <activationId>ACTION PACKED OR THOUGHT PROVOKING? Let&apos;s stick to the &apos;com&apos; in &apos;romcom&apos; [3]</activationId>
      <rule>ACTION PACKED OR THOUGHT PROVOKING? Let&apos;s stick to the &apos;com&apos; in &apos;romcom&apos;</rule>
      <declarations>q=com.sample.DroolsTest$Question@64346ff5</declarations>
      <factHandleIds>3</factHandleIds>
    </org.drools.core.audit.event.ActivationLogEvent>
    <org.drools.core.audit.event.ActivationLogEvent>
      <type>6</type>
      <activationId>ACTION PACKED OR THOUGHT PROVOKING? Let&apos;s stick to the &apos;com&apos; in &apos;romcom&apos; [3]</activationId>
      <rule>ACTION PACKED OR THOUGHT PROVOKING? Let&apos;s stick to the &apos;com&apos; in &apos;romcom&apos;</rule>
      <declarations>q=com.sample.DroolsTest$Question@64346ff5</declarations>
      <factHandleIds>3</factHandleIds>
    </org.drools.core.audit.event.ActivationLogEvent>
    <org.drools.core.audit.event.ObjectLogEvent>
      <type>1</type>
      <factId>4</factId>
      <objectToString>com.sample.DroolsTest$Question@3a2ef88d</objectToString>
    </org.drools.core.audit.event.ObjectLogEvent>
    <org.drools.core.audit.event.ActivationLogEvent>
      <type>7</type>
      <activationId>ACTION PACKED OR THOUGHT PROVOKING? Let&apos;s stick to the &apos;com&apos; in &apos;romcom&apos; [3]</activationId>
      <rule>ACTION PACKED OR THOUGHT PROVOKING? Let&apos;s stick to the &apos;com&apos; in &apos;romcom&apos;</rule>
      <declarations>q=com.sample.DroolsTest$Question@64346ff5</declarations>
      <factHandleIds>3</factHandleIds>
    </org.drools.core.audit.event.ActivationLogEvent>
    <org.drools.core.audit.event.ObjectLogEvent>
      <type>2</type>
      <factId>4</factId>
      <objectToString>com.sample.DroolsTest$Question@3a2ef88d</objectToString>
    </org.drools.core.audit.event.ObjectLogEvent>
    <org.drools.core.audit.event.ActivationLogEvent>
      <type>4</type>
      <activationId>JUDD APATOW FILM? Pass [4]</activationId>
      <rule>JUDD APATOW FILM? Pass</rule>
      <declarations>q=com.sample.DroolsTest$Question@3a2ef88d</declarations>
      <factHandleIds>4</factHandleIds>
    </org.drools.core.audit.event.ActivationLogEvent>
    <org.drools.core.audit.event.ActivationLogEvent>
      <type>6</type>
      <activationId>JUDD APATOW FILM? Pass [4]</activationId>
      <rule>JUDD APATOW FILM? Pass</rule>
      <declarations>q=com.sample.DroolsTest$Question@3a2ef88d</declarations>
      <factHandleIds>4</factHandleIds>
    </org.drools.core.audit.event.ActivationLogEvent>
    <org.drools.core.audit.event.ObjectLogEvent>
      <type>1</type>
      <factId>5</factId>
      <objectToString>com.sample.DroolsTest$Question@14761862</objectToString>
    </org.drools.core.audit.event.ObjectLogEvent>
    <org.drools.core.audit.event.ActivationLogEvent>
      <type>7</type>
      <activationId>JUDD APATOW FILM? Pass [4]</activationId>
      <rule>JUDD APATOW FILM? Pass</rule>
      <declarations>q=com.sample.DroolsTest$Question@3a2ef88d</declarations>
      <factHandleIds>4</factHandleIds>
    </org.drools.core.audit.event.ActivationLogEvent>
    <org.drools.core.audit.event.ObjectLogEvent>
      <type>2</type>
      <factId>5</factId>
      <objectToString>com.sample.DroolsTest$Question@14761862</objectToString>
    </org.drools.core.audit.event.ObjectLogEvent>
    <org.drools.core.audit.event.ActivationLogEvent>
      <type>4</type>
      <activationId>GUYS ONLY? Bromance is the best [5]</activationId>
      <rule>GUYS ONLY? Bromance is the best</rule>
      <declarations>q=com.sample.DroolsTest$Question@14761862</declarations>
      <factHandleIds>5</factHandleIds>
    </org.drools.core.audit.event.ActivationLogEvent>
    <org.drools.core.audit.event.ActivationLogEvent>
      <type>6</type>
      <activationId>GUYS ONLY? Bromance is the best [5]</activationId>
      <rule>GUYS ONLY? Bromance is the best</rule>
      <declarations>q=com.sample.DroolsTest$Question@14761862</declarations>
      <factHandleIds>5</factHandleIds>
    </org.drools.core.audit.event.ActivationLogEvent>
    <org.drools.core.audit.event.ObjectLogEvent>
      <type>1</type>
      <factId>6</factId>
      <objectToString>com.sample.DroolsTest$Question@10a79394</objectToString>
    </org.drools.core.audit.event.ObjectLogEvent>
    <org.drools.core.audit.event.ActivationLogEvent>
      <type>7</type>
      <activationId>GUYS ONLY? Bromance is the best [5]</activationId>
      <rule>GUYS ONLY? Bromance is the best</rule>
      <declarations>q=com.sample.DroolsTest$Question@14761862</declarations>
      <factHandleIds>5</factHandleIds>
    </org.drools.core.audit.event.ActivationLogEvent>
    <org.drools.core.audit.event.ObjectLogEvent>
      <type>2</type>
      <factId>6</factId>
      <objectToString>com.sample.DroolsTest$Question@10a79394</objectToString>
    </org.drools.core.audit.event.ObjectLogEvent>
    <org.drools.core.audit.event.ActivationLogEvent>
      <type>4</type>
      <activationId>Don Jon [6]</activationId>
      <rule>Don Jon</rule>
      <declarations>q=com.sample.DroolsTest$Question@10a79394</declarations>
      <factHandleIds>6</factHandleIds>
    </org.drools.core.audit.event.ActivationLogEvent>
    <org.drools.core.audit.event.ActivationLogEvent>
      <type>6</type>
      <activationId>Don Jon [6]</activationId>
      <rule>Don Jon</rule>
      <declarations>q=com.sample.DroolsTest$Question@10a79394</declarations>
      <factHandleIds>6</factHandleIds>
    </org.drools.core.audit.event.ActivationLogEvent>
  </events>
</org.drools.core.audit.WorkingMemoryLog>
</object-stream>
